these 22 derivations will be built:
  /nix/store/m3s3nx0792b6lr3yifapi9vdlrmyxkz5-test-script.drv
  /nix/store/aam6dls90v3zh9hh0xi1px7g4pmk466r-system-path.drv
  /nix/store/2q9iq9aba4xap8mcqlgr0d1r4dqhpgas-nix.conf.drv
  /nix/store/vjnfw79xi6nvv8bhcrdyi11xbphayq8v-dbus-1.drv
  /nix/store/h3099sc4qzh6rqyfcdz623ai74p8iga9-X-Restart-Triggers-dbus-broker.drv
  /nix/store/x9vm4akxhwk9qbpyyjzcsydxfhl0zgbs-unit-dbus-broker.service.drv
  /nix/store/dwvfh0wbp30w40adxs53657iny7dpb2g-user-units.drv
  /nix/store/mjnzxd08kx6ryvmnc37yic4h8f7mfzii-sandhi-lopa.json.drv
  /nix/store/cgxxk8sxbcybsxrfjj9rm0dr076xcwxd-X-Restart-Triggers-nix-daemon.drv
  /nix/store/3pvhsqv8y6vkbjbfz1rgwwkgyzcxn8w5-unit-nix-daemon.service.drv
  /nix/store/jrrd90d586qz8y32z6r8qcgbdjba5is1-unit-dbus-broker.service.drv
  /nix/store/zcfzipygl90wds2j96lxxls3rlz43zvc-system-units.drv
  /nix/store/zlgf51vdx3x1d7kfk0d1406mzi75cm06-etc-sandhi-contracts.json.drv
  /nix/store/b61qbvjir9kf6qimqmhli8fcqin6h3ac-etc.drv
  /nix/store/yms2yrs0d1gfwsw8lbd7civp9zcy9mqh-activate.drv
  /nix/store/iddx6z6xmcx6z468qzb7nyrxpxjh11ih-nixos-system-machine-test.drv
  /nix/store/783saw2bgvybay3x16mz8cqx2lridh57-closure-info.drv
  /nix/store/g3vs81kf2z8fzjwvfpjwr1gjargxfzvr-run-nixos-vm.drv
  /nix/store/wlpkqyj6pbbgl8qbwvdwh7z2s4zkkx9k-nixos-vm.drv
  /nix/store/1cpv6798nlimb7xfysq9xzz6yrjx60ik-driverConfiguration.json.drv
  /nix/store/ixpp1b9q30rj11gpp6aybnas9az3yfnf-nixos-test-driver-sandhi-offline-recovery.drv
  /nix/store/p4bny1jl3bxqpya61xh5y8kqk0idk2y2-vm-test-run-sandhi-offline-recovery.drv
these 4 paths will be fetched (2.3 KiB download, 8.1 KiB unpacked):
  /nix/store/h1qd1b4gpshznkf6akrbjh7vkx13619p-X-Restart-Triggers-systemd-tmpfiles-resetup
  /nix/store/j5rbw5q188y999m12ibkdzdxvk3wdyp8-nixos-tmpfiles.d
  /nix/store/rqs0bxlm12rm48x9z0bmzj97xgvznmc7-tmpfiles.d
  /nix/store/4nrpncd500vxr73vly7flnmvrs94cykc-unit-systemd-tmpfiles-resetup.service
building '/nix/store/m3s3nx0792b6lr3yifapi9vdlrmyxkz5-test-script.drv'...
building '/nix/store/aam6dls90v3zh9hh0xi1px7g4pmk466r-system-path.drv'...
building '/nix/store/zlgf51vdx3x1d7kfk0d1406mzi75cm06-etc-sandhi-contracts.json.drv'...
building '/nix/store/2q9iq9aba4xap8mcqlgr0d1r4dqhpgas-nix.conf.drv'...
building '/nix/store/mjnzxd08kx6ryvmnc37yic4h8f7mfzii-sandhi-lopa.json.drv'...
system-path> structuredAttrs is enabled
copying path '/nix/store/j5rbw5q188y999m12ibkdzdxvk3wdyp8-nixos-tmpfiles.d' from 'https://cache.nixos.org'...
nix.conf> Validating generated nix.conf
copying path '/nix/store/rqs0bxlm12rm48x9z0bmzj97xgvznmc7-tmpfiles.d' from 'https://cache.nixos.org'...
copying path '/nix/store/h1qd1b4gpshznkf6akrbjh7vkx13619p-X-Restart-Triggers-systemd-tmpfiles-resetup' from 'https://cache.nixos.org'...
copying path '/nix/store/4nrpncd500vxr73vly7flnmvrs94cykc-unit-systemd-tmpfiles-resetup.service' from 'https://cache.nixos.org'...
building '/nix/store/cgxxk8sxbcybsxrfjj9rm0dr076xcwxd-X-Restart-Triggers-nix-daemon.drv'...
building '/nix/store/3pvhsqv8y6vkbjbfz1rgwwkgyzcxn8w5-unit-nix-daemon.service.drv'...
system-path> created 6814 symlinks in user environment
system-path> install-info: warning: no info dir entry in `/nix/store/7l6flpr04bigh1fbac4bmrjh17cmv9li-system-path/share/info/gawknotes.info'
building '/nix/store/vjnfw79xi6nvv8bhcrdyi11xbphayq8v-dbus-1.drv'...
building '/nix/store/h3099sc4qzh6rqyfcdz623ai74p8iga9-X-Restart-Triggers-dbus-broker.drv'...
building '/nix/store/jrrd90d586qz8y32z6r8qcgbdjba5is1-unit-dbus-broker.service.drv'...
building '/nix/store/x9vm4akxhwk9qbpyyjzcsydxfhl0zgbs-unit-dbus-broker.service.drv'...
building '/nix/store/zcfzipygl90wds2j96lxxls3rlz43zvc-system-units.drv'...
building '/nix/store/dwvfh0wbp30w40adxs53657iny7dpb2g-user-units.drv'...
building '/nix/store/b61qbvjir9kf6qimqmhli8fcqin6h3ac-etc.drv'...
building '/nix/store/yms2yrs0d1gfwsw8lbd7civp9zcy9mqh-activate.drv'...
building '/nix/store/iddx6z6xmcx6z468qzb7nyrxpxjh11ih-nixos-system-machine-test.drv'...
nixos-system-machine-test> structuredAttrs is enabled
error: path '/nix/store/7dsp7k7zyxzbqckrx523w5ja3k2avdlr-sandhi-recoverable' is not valid
